// Jest Snapshot v1, https://goo.gl/fbAQLP

exports[`BlockControls should render a dynamic toolbar of controls 1`] = `
<ContextConsumer>
  <Component />
</ContextConsumer>
`;
